// Vitest Snapshot v1, https://vitest.dev/guide/snapshot.html

exports[`Recent Activity - shared row component (dashboard preview + dedicated page) > row structure snapshot (name line and meta line are separate nodes) 1`] = `
<DocumentFragment>
  <div
    class="web-dashboard-preview-list"
    data-testid="activity-table"
  >
    <div
      data-testid="activity-header"
      style="display: flex; gap: 12px; padding: 8px; font-size: 11px; font-weight: 700; color: var(--it-text-secondary); text-transform: uppercase; letter-spacing: 0.04em; border-bottom: 1px solid var(--it-border);"
    >
      <span
        style="width: 28px; flex-shrink: 0;"
      />
      <span
        style="flex: 1.2 1 0%;"
      >
        Item
      </span>
      <span
        style="flex: 1 1 0%;"
      >
        Action
      </span>
      <span
        style="flex: 0.5 1 0%;"
      >
        Qty
      </span>
      <span
        style="flex: 1 1 0%;"
      >
        Store
      </span>
      <span
        style="flex: 0.7 1 0%; text-align: right;"
      >
        Duration
      </span>
    </div>
    <div
      class="activity-row"
      data-testid="activity-item-txn-1"
      style="display: flex; align-items: center; gap: 12px; padding: 10px 8px; border-bottom: 1px solid var(--it-border);"
    >
      <span
        aria-hidden="true"
        class="web-dashboard-preview-icon activity-badge activity-badge--sale"
        style="width: 28px; height: 28px; border-radius: 50%; display: inline-flex; align-items: center; justify-content: center; flex-shrink: 0;"
      >
        <svg
          class="lucide lucide-arrow-down"
          fill="none"
          height="14"
          stroke="var(--it-red)"
          stroke-linecap="round"
          stroke-linejoin="round"
          stroke-width="2"
          viewBox="0 0 24 24"
          width="14"
          xmlns="http://www.w3.org/2000/svg"
        >
          <path
            d="M12 5v14"
          />
          <path
            d="m19 12-7 7-7-7"
          />
        </svg>
      </span>
      <span
        class="web-dashboard-preview-label"
        style="flex: 1.2 1 0%; min-width: 0; font-weight: 600; overflow: hidden; text-overflow: ellipsis; white-space: nowrap;"
        title="ADH 158L Fridge"
      >
        ADH 158L Fridge
      </span>
      <span
        class="web-dashboard-preview-meta"
        data-testid="activity-action"
        style="flex: 1 1 0%; font-size: 12px; color: var(--it-text-secondary); text-transform: capitalize;"
      >
        stock sold
      </span>
      <span
        data-testid="activity-qty"
        style="flex: 0.5 1 0%; font-variant-numeric: tabular-nums; font-size: 12px; font-weight: 600;"
      >
        −1
      </span>
      <span
        data-testid="activity-store"
        style="flex: 1 1 0%; font-size: 12px; color: var(--it-text-secondary); overflow: hidden; text-overflow: ellipsis; white-space: nowrap;"
      >
        ALGA-MAIN-STORE
      </span>
      <span
        class="web-dashboard-preview-time"
        data-testid="activity-duration"
        style="flex: 0.7 1 0%; font-size: 12px; color: var(--it-text-secondary); white-space: nowrap; text-align: right;"
        title="12/09/2026, 08:00:00"
      >
        12 h ago
      </span>
      <span
        data-testid="legacy-meta"
        style="display: none;"
      >
        stock sold · ALGA-MAIN-STORE · −1 units
      </span>
    </div>
  </div>
</DocumentFragment>
`;
